[ERROR] COMPILATION ERROR : 
[ERROR] /C:/Users/lucia/Documents/workspace/code/vemolin.ux/backend/src/main/java/com/vermolinux/model/StockMovement.java:[95,8] duplicate class: com.vermolinux.model.StockMovement
[ERROR] /C:/Users/lucia/Documents/workspace/code/vemolin.ux/backend/src/main/java/com/vermolinux/model/Product.java:[108,17] method getId() is already defined in class com.vermolinux.model.Product
[ERROR] /C:/Users/lucia/Documents/workspace/code/vemolin.ux/backend/src/main/java/com/vermolinux/dto/StockMovementResponse.java:[29,26] cannot find symbol
  symbol:   class MovementReason
  location: class com.vermolinux.model.StockMovement
[ERROR] /C:/Users/lucia/Documents/workspace/code/vemolin.ux/backend/src/main/java/com/vermolinux/dto/StockMovementRequest.java:[33,26] cannot find symbol
  symbol:   class MovementReason
  location: class com.vermolinux.model.StockMovement
[ERROR] /C:/Users/lucia/Documents/workspace/code/vemolin.ux/backend/src/main/java/com/vermolinux/dto/StockMovementRequest.java:[44,25] cannot find symbol
  symbol:   class MovementReason
  location: class com.vermolinux.model.StockMovement
[ERROR] /C:/Users/lucia/Documents/workspace/code/vemolin.ux/backend/src/main/java/com/vermolinux/controller/SaleController.java:[119,33] cannot find symbol
  symbol:   method getTotalAmount()
  location: variable response of type com.vermolinux.dto.SaleResponse
[ERROR] /C:/Users/lucia/Documents/workspace/code/vemolin.ux/backend/src/main/java/com/vermolinux/controller/SaleController.java:[120,33] cannot find symbol
  symbol:   method getChangeAmount()
  location: variable response of type com.vermolinux.dto.SaleResponse
[ERROR] /C:/Users/lucia/Documents/workspace/code/vemolin.ux/backend/src/main/java/com/vermolinux/service/SaleService.java:[46,9] cannot find symbol
  symbol:   variable log
  location: class com.vermolinux.service.SaleService
[ERROR] /C:/Users/lucia/Documents/workspace/code/vemolin.ux/backend/src/main/java/com/vermolinux/service/SaleService.java:[52,25] cannot find symbol
  symbol:   method builder()
  location: class com.vermolinux.model.Sale
[ERROR] /C:/Users/lucia/Documents/workspace/code/vemolin.ux/backend/src/main/java/com/vermolinux/service/SaleService.java:[60,9] cannot find symbol
  symbol:   variable log
  location: class com.vermolinux.service.SaleService
[ERROR] /C:/Users/lucia/Documents/workspace/code/vemolin.ux/backend/src/main/java/com/vermolinux/service/SaleService.java:[71,9] cannot find symbol
  symbol:   variable log
  location: class com.vermolinux.service.SaleService
[ERROR] /C:/Users/lucia/Documents/workspace/code/vemolin.ux/backend/src/main/java/com/vermolinux/service/SaleService.java:[71,80] cannot find symbol
  symbol:   method getProductId()
  location: variable request of type com.vermolinux.dto.AddSaleItemRequest
[ERROR] /C:/Users/lucia/Documents/workspace/code/vemolin.ux/backend/src/main/java/com/vermolinux/service/SaleService.java:[71,104] cannot find symbol
  symbol:   method getQuantity()
  location: variable request of type com.vermolinux.dto.AddSaleItemRequest
[ERROR] /C:/Users/lucia/Documents/workspace/code/vemolin.ux/backend/src/main/java/com/vermolinux/service/SaleService.java:[83,61] cannot find symbol
  symbol:   method getProductId()
  location: variable request of type com.vermolinux.dto.AddSaleItemRequest
[ERROR] /C:/Users/lucia/Documents/workspace/code/vemolin.ux/backend/src/main/java/com/vermolinux/service/SaleService.java:[84,90] cannot find symbol
  symbol:   method getProductId()
  location: variable request of type com.vermolinux.dto.AddSaleItemRequest
[ERROR] /C:/Users/lucia/Documents/workspace/code/vemolin.ux/backend/src/main/java/com/vermolinux/service/SaleService.java:[87,57] cannot find symbol
  symbol:   method getQuantity()
  location: variable request of type com.vermolinux.dto.AddSaleItemRequest
[ERROR] /C:/Users/lucia/Documents/workspace/code/vemolin.ux/backend/src/main/java/com/vermolinux/service/SaleService.java:[103,33] cannot find symbol
  symbol:   method getWeighed()
  location: variable request of type com.vermolinux.dto.AddSaleItemRequest
[ERROR] /C:/Users/lucia/Documents/workspace/code/vemolin.ux/backend/src/main/java/com/vermolinux/service/SaleService.java:[103,65] cannot find symbol
  symbol:   method getWeighed()
  location: variable request of type com.vermolinux.dto.AddSaleItemRequest
[ERROR] /C:/Users/lucia/Documents/workspace/code/vemolin.ux/backend/src/main/java/com/vermolinux/service/SaleService.java:[96,33] cannot find symbol
  symbol:   method builder()
  location: class com.vermolinux.model.SaleItem
[ERROR] /C:/Users/lucia/Documents/workspace/code/vemolin.ux/backend/src/main/java/com/vermolinux/service/SaleService.java:[101,34] cannot find symbol
  symbol:   method getQuantity()
  location: variable request of type com.vermolinux.dto.AddSaleItemRequest
[ERROR] /C:/Users/lucia/Documents/workspace/code/vemolin.ux/backend/src/main/java/com/vermolinux/service/SaleService.java:[111,9] cannot find symbol
  symbol:   variable log
  location: class com.vermolinux.service.SaleService
[ERROR] /C:/Users/lucia/Documents/workspace/code/vemolin.ux/backend/src/main/java/com/vermolinux/service/SaleService.java:[111,79] cannot find symbol
  symbol:   method getQuantity()
  location: variable request of type com.vermolinux.dto.AddSaleItemRequest
[ERROR] /C:/Users/lucia/Documents/workspace/code/vemolin.ux/backend/src/main/java/com/vermolinux/service/SaleService.java:[120,9] cannot find symbol
  symbol:   variable log
  location: class com.vermolinux.service.SaleService
[ERROR] /C:/Users/lucia/Documents/workspace/code/vemolin.ux/backend/src/main/java/com/vermolinux/service/SaleService.java:[132,37] cannot find symbol
  symbol:   method getId()
  location: variable item of type com.vermolinux.model.SaleItem
[ERROR] /C:/Users/lucia/Documents/workspace/code/vemolin.ux/backend/src/main/java/com/vermolinux/service/SaleService.java:[140,9] cannot find symbol
  symbol:   variable log
  location: class com.vermolinux.service.SaleService
[ERROR] /C:/Users/lucia/Documents/workspace/code/vemolin.ux/backend/src/main/java/com/vermolinux/service/SaleService.java:[149,9] cannot find symbol
  symbol:   variable log
  location: class com.vermolinux.service.SaleService
[ERROR] /C:/Users/lucia/Documents/workspace/code/vemolin.ux/backend/src/main/java/com/vermolinux/service/SaleService.java:[165,9] cannot find symbol
  symbol:   variable log
  location: class com.vermolinux.service.SaleService
[ERROR] /C:/Users/lucia/Documents/workspace/code/vemolin.ux/backend/src/main/java/com/vermolinux/service/SaleService.java:[177,9] cannot find symbol
  symbol:   variable log
  location: class com.vermolinux.service.SaleService
[ERROR] /C:/Users/lucia/Documents/workspace/code/vemolin.ux/backend/src/main/java/com/vermolinux/service/SaleService.java:[177,73] cannot find symbol
  symbol:   method getPaymentMethod()
  location: variable request of type com.vermolinux.dto.PaymentRequest
[ERROR] /C:/Users/lucia/Documents/workspace/code/vemolin.ux/backend/src/main/java/com/vermolinux/service/SaleService.java:[193,20] cannot find symbol
  symbol:   method getAmountPaid()
  location: variable request of type com.vermolinux.dto.PaymentRequest
[ERROR] /C:/Users/lucia/Documents/workspace/code/vemolin.ux/backend/src/main/java/com/vermolinux/service/SaleService.java:[199,20] cannot find symbol
  symbol:   method getPaymentMethod()
  location: variable request of type com.vermolinux.dto.PaymentRequest
[ERROR] /C:/Users/lucia/Documents/workspace/code/vemolin.ux/backend/src/main/java/com/vermolinux/service/SaleService.java:[200,29] cannot find symbol
  symbol:   method getAmountPaid()
  location: variable request of type com.vermolinux.dto.PaymentRequest
[ERROR] /C:/Users/lucia/Documents/workspace/code/vemolin.ux/backend/src/main/java/com/vermolinux/service/SaleService.java:[204,38] cannot find symbol
  symbol:   method getPaymentMethod()
  location: variable request of type com.vermolinux.dto.PaymentRequest
[ERROR] /C:/Users/lucia/Documents/workspace/code/vemolin.ux/backend/src/main/java/com/vermolinux/service/SaleService.java:[205,35] cannot find symbol
  symbol:   method getAmountPaid()
  location: variable request of type com.vermolinux.dto.PaymentRequest
[ERROR] /C:/Users/lucia/Documents/workspace/code/vemolin.ux/backend/src/main/java/com/vermolinux/service/SaleService.java:[208,39] cannot find symbol
  symbol:   variable PAID
  location: class com.vermolinux.model.Sale.SaleStatus
[ERROR] /C:/Users/lucia/Documents/workspace/code/vemolin.ux/backend/src/main/java/com/vermolinux/service/SaleService.java:[217,9] cannot find symbol
  symbol:   variable log
  location: class com.vermolinux.service.SaleService
[ERROR] /C:/Users/lucia/Documents/workspace/code/vemolin.ux/backend/src/main/java/com/vermolinux/service/SaleService.java:[242,47] cannot find symbol
  symbol:   method builder()
  location: class com.vermolinux.model.StockMovement
[ERROR] /C:/Users/lucia/Documents/workspace/code/vemolin.ux/backend/src/main/java/com/vermolinux/service/SaleService.java:[255,9] cannot find symbol
  symbol:   variable log
  location: class com.vermolinux.service.SaleService
[ERROR] /C:/Users/lucia/Documents/workspace/code/vemolin.ux/backend/src/main/java/com/vermolinux/service/SaleService.java:[304,21] cannot find symbol
  symbol:   method setSaleId(java.lang.Long)
  location: variable item of type com.vermolinux.model.SaleItem
[ERROR] /C:/Users/lucia/Documents/workspace/code/vemolin.ux/backend/src/main/java/com/vermolinux/service/SaleService.java:[327,46] cannot find symbol
  symbol:   method builder()
  location: class com.vermolinux.dto.SaleItemResponse
[ERROR] /C:/Users/lucia/Documents/workspace/code/vemolin.ux/backend/src/main/java/com/vermolinux/service/SaleService.java:[328,33] cannot find symbol
  symbol:   method getId()
  location: variable item of type com.vermolinux.model.SaleItem
[ERROR] /C:/Users/lucia/Documents/workspace/code/vemolin.ux/backend/src/main/java/com/vermolinux/service/SaleService.java:[337,25] incompatible types: inference variable T has incompatible bounds
    equality constraints: com.vermolinux.dto.SaleItemResponse
    lower bounds: java.lang.Object
[ERROR] /C:/Users/lucia/Documents/workspace/code/vemolin.ux/backend/src/main/java/com/vermolinux/service/SaleService.java:[339,28] cannot find symbol
  symbol:   method builder()
  location: class com.vermolinux.dto.SaleResponse
[ERROR] /C:/Users/lucia/Documents/workspace/code/vemolin.ux/backend/src/main/java/com/vermolinux/dto/ApiResponse.java:[22,27] cannot find symbol
  symbol:   method <T>builder()
  location: class com.vermolinux.dto.ApiResponse
[ERROR] /C:/Users/lucia/Documents/workspace/code/vemolin.ux/backend/src/main/java/com/vermolinux/dto/ApiResponse.java:[29,27] cannot find symbol
  symbol:   method <T>builder()
  location: class com.vermolinux.dto.ApiResponse
[ERROR] /C:/Users/lucia/Documents/workspace/code/vemolin.ux/backend/src/main/java/com/vermolinux/dto/ApiResponse.java:[37,27] cannot find symbol
  symbol:   method <T>builder()
  location: class com.vermolinux.dto.ApiResponse
[ERROR] /C:/Users/lucia/Documents/workspace/code/vemolin.ux/backend/src/main/java/com/vermolinux/service/ProductService.java:[60,34] cannot find symbol
  symbol:   method builder()
  location: class com.vermolinux.model.Product
[ERROR] /C:/Users/lucia/Documents/workspace/code/vemolin.ux/backend/src/main/java/com/vermolinux/service/ProductService.java:[232,38] cannot find symbol
  symbol:   method builder()
  location: class com.vermolinux.dto.ProductCashierResponse
[ERROR] /C:/Users/lucia/Documents/workspace/code/vemolin.ux/backend/src/main/java/com/vermolinux/dto/ProductResponse.java:[48,61] cannot find symbol
  symbol:   method setId(java.lang.Long)
  location: variable instance of type com.vermolinux.dto.ProductResponse
[ERROR] /C:/Users/lucia/Documents/workspace/code/vemolin.ux/backend/src/main/java/com/vermolinux/dto/ProductResponse.java:[49,67] cannot find symbol
  symbol:   method setCode(java.lang.String)
  location: variable instance of type com.vermolinux.dto.ProductResponse
[ERROR] /C:/Users/lucia/Documents/workspace/code/vemolin.ux/backend/src/main/java/com/vermolinux/dto/ProductResponse.java:[50,67] cannot find symbol
  symbol:   method setName(java.lang.String)
  location: variable instance of type com.vermolinux.dto.ProductResponse
[ERROR] /C:/Users/lucia/Documents/workspace/code/vemolin.ux/backend/src/main/java/com/vermolinux/dto/ProductResponse.java:[51,81] cannot find symbol
  symbol:   method setDescription(java.lang.String)
  location: variable instance of type com.vermolinux.dto.ProductResponse
[ERROR] /C:/Users/lucia/Documents/workspace/code/vemolin.ux/backend/src/main/java/com/vermolinux/dto/ProductResponse.java:[52,73] cannot find symbol
  symbol:   method setPrice(java.math.BigDecimal)
  location: variable instance of type com.vermolinux.dto.ProductResponse
[ERROR] /C:/Users/lucia/Documents/workspace/code/vemolin.ux/backend/src/main/java/com/vermolinux/dto/ProductResponse.java:[53,80] cannot find symbol
  symbol:   method setUnit(com.vermolinux.model.Product.ProductUnit)
  location: variable instance of type com.vermolinux.dto.ProductResponse
[ERROR] /C:/Users/lucia/Documents/workspace/code/vemolin.ux/backend/src/main/java/com/vermolinux/dto/ProductResponse.java:[54,89] cannot find symbol
  symbol:   method setStockQuantity(java.math.BigDecimal)
  location: variable instance of type com.vermolinux.dto.ProductResponse
[ERROR] /C:/Users/lucia/Documents/workspace/code/vemolin.ux/backend/src/main/java/com/vermolinux/dto/ProductResponse.java:[55,79] cannot find symbol
  symbol:   method setMinStock(java.math.BigDecimal)
  location: variable instance of type com.vermolinux.dto.ProductResponse
[ERROR] /C:/Users/lucia/Documents/workspace/code/vemolin.ux/backend/src/main/java/com/vermolinux/dto/ProductResponse.java:[56,77] cannot find symbol
  symbol:   method setSupplierId(java.lang.Long)
  location: variable instance of type com.vermolinux.dto.ProductResponse
[ERROR] /C:/Users/lucia/Documents/workspace/code/vemolin.ux/backend/src/main/java/com/vermolinux/dto/ProductResponse.java:[57,83] cannot find symbol
  symbol:   method setSupplierName(java.lang.String)
  location: variable instance of type com.vermolinux.dto.ProductResponse
[ERROR] /C:/Users/lucia/Documents/workspace/code/vemolin.ux/backend/src/main/java/com/vermolinux/dto/ProductResponse.java:[58,82] cannot find symbol
  symbol:   method setExpiryDate(java.time.LocalDate)
  location: variable instance of type com.vermolinux.dto.ProductResponse
[ERROR] /C:/Users/lucia/Documents/workspace/code/vemolin.ux/backend/src/main/java/com/vermolinux/dto/ProductResponse.java:[59,92] cannot find symbol
  symbol:   method setRequiresWeighing(java.lang.Boolean)
  location: variable instance of type com.vermolinux.dto.ProductResponse
[ERROR] /C:/Users/lucia/Documents/workspace/code/vemolin.ux/backend/src/main/java/com/vermolinux/dto/ProductResponse.java:[60,72] cannot find symbol
  symbol:   method setActive(java.lang.Boolean)
  location: variable instance of type com.vermolinux.dto.ProductResponse
[ERROR] /C:/Users/lucia/Documents/workspace/code/vemolin.ux/backend/src/main/java/com/vermolinux/dto/ProductResponse.java:[61,76] cannot find symbol
  symbol:   method setLowStock(java.lang.Boolean)
  location: variable instance of type com.vermolinux.dto.ProductResponse
[ERROR] /C:/Users/lucia/Documents/workspace/code/vemolin.ux/backend/src/main/java/com/vermolinux/dto/ProductResponse.java:[62,84] cannot find symbol
  symbol:   method setCreatedAt(java.time.LocalDateTime)
  location: variable instance of type com.vermolinux.dto.ProductResponse
[ERROR] /C:/Users/lucia/Documents/workspace/code/vemolin.ux/backend/src/main/java/com/vermolinux/dto/ProductResponse.java:[63,84] cannot find symbol
  symbol:   method setUpdatedAt(java.time.LocalDateTime)
  location: variable instance of type com.vermolinux.dto.ProductResponse
[ERROR] /C:/Users/lucia/Documents/workspace/code/vemolin.ux/backend/src/main/java/com/vermolinux/service/AuthService.java:[76,29] cannot find symbol
  symbol:   method builder()
  location: class com.vermolinux.dto.LoginResponse
[ERROR] /C:/Users/lucia/Documents/workspace/code/vemolin.ux/backend/src/main/java/com/vermolinux/service/UserService.java:[48,25] cannot find symbol
  symbol:   method builder()
  location: class com.vermolinux.model.User
[ERROR] /C:/Users/lucia/Documents/workspace/code/vemolin.ux/backend/src/main/java/com/vermolinux/service/UserService.java:[139,28] cannot find symbol
  symbol:   method builder()
  location: class com.vermolinux.dto.UserResponse
[ERROR] /C:/Users/lucia/Documents/workspace/code/vemolin.ux/backend/src/main/java/com/vermolinux/service/StockService.java:[60,47] cannot find symbol
  symbol:   method builder()
  location: class com.vermolinux.model.StockMovement
[ERROR] /C:/Users/lucia/Documents/workspace/code/vemolin.ux/backend/src/main/java/com/vermolinux/service/StockService.java:[112,47] cannot find symbol
  symbol:   method builder()
  location: class com.vermolinux.model.StockMovement
[ERROR] /C:/Users/lucia/Documents/workspace/code/vemolin.ux/backend/src/main/java/com/vermolinux/service/StockService.java:[161,47] cannot find symbol
  symbol:   method builder()
  location: class com.vermolinux.model.StockMovement
[ERROR] /C:/Users/lucia/Documents/workspace/code/vemolin.ux/backend/src/main/java/com/vermolinux/service/StockService.java:[222,39] cannot find symbol
  symbol:   method findByCreatedByOrderByCreatedAtDesc(java.lang.Long)
  location: variable stockMovementRepository of type com.vermolinux.repository.StockMovementRepository
[ERROR] /C:/Users/lucia/Documents/workspace/code/vemolin.ux/backend/src/main/java/com/vermolinux/service/StockService.java:[262,65] cannot find symbol
  symbol:   method getProductId()
  location: variable movement of type com.vermolinux.model.StockMovement
[ERROR] /C:/Users/lucia/Documents/workspace/code/vemolin.ux/backend/src/main/java/com/vermolinux/service/StockService.java:[266,64] cannot find symbol
  symbol:   method getCreatedBy()
  location: variable movement of type com.vermolinux.model.StockMovement
[ERROR] /C:/Users/lucia/Documents/workspace/code/vemolin.ux/backend/src/main/java/com/vermolinux/service/StockService.java:[270,37] cannot find symbol
  symbol:   method builder()
  location: class com.vermolinux.dto.StockMovementResponse
[ERROR] /C:/Users/lucia/Documents/workspace/code/vemolin.ux/backend/src/main/java/com/vermolinux/service/StockService.java:[271,29] cannot find symbol
  symbol:   method getId()
  location: variable movement of type com.vermolinux.model.StockMovement
[ERROR] /C:/Users/lucia/Documents/workspace/code/vemolin.ux/backend/src/main/java/com/vermolinux/service/StockService.java:[272,36] cannot find symbol
  symbol:   method getProductId()
  location: variable movement of type com.vermolinux.model.StockMovement
[ERROR] /C:/Users/lucia/Documents/workspace/code/vemolin.ux/backend/src/main/java/com/vermolinux/service/StockService.java:[274,39] cannot find symbol
  symbol:   method getMovementType()
  location: variable movement of type com.vermolinux.model.StockMovement
[ERROR] /C:/Users/lucia/Documents/workspace/code/vemolin.ux/backend/src/main/java/com/vermolinux/service/StockService.java:[275,35] cannot find symbol
  symbol:   method getQuantity()
  location: variable movement of type com.vermolinux.model.StockMovement
[ERROR] /C:/Users/lucia/Documents/workspace/code/vemolin.ux/backend/src/main/java/com/vermolinux/service/StockService.java:[276,43] cannot find symbol
  symbol:   method getPreviousQuantity()
  location: variable movement of type com.vermolinux.model.StockMovement
[ERROR] /C:/Users/lucia/Documents/workspace/code/vemolin.ux/backend/src/main/java/com/vermolinux/service/StockService.java:[277,38] cannot find symbol
  symbol:   method getNewQuantity()
  location: variable movement of type com.vermolinux.model.StockMovement
[ERROR] /C:/Users/lucia/Documents/workspace/code/vemolin.ux/backend/src/main/java/com/vermolinux/service/StockService.java:[278,33] cannot find symbol
  symbol:   method getReason()
  location: variable movement of type com.vermolinux.model.StockMovement
[ERROR] /C:/Users/lucia/Documents/workspace/code/vemolin.ux/backend/src/main/java/com/vermolinux/service/StockService.java:[279,32] cannot find symbol
  symbol:   method getNotes()
  location: variable movement of type com.vermolinux.model.StockMovement
[ERROR] /C:/Users/lucia/Documents/workspace/code/vemolin.ux/backend/src/main/java/com/vermolinux/service/StockService.java:[280,33] cannot find symbol
  symbol:   method getSaleId()
  location: variable movement of type com.vermolinux.model.StockMovement
[ERROR] /C:/Users/lucia/Documents/workspace/code/vemolin.ux/backend/src/main/java/com/vermolinux/service/StockService.java:[281,36] cannot find symbol
  symbol:   method getCreatedBy()
  location: variable movement of type com.vermolinux.model.StockMovement
[ERROR] /C:/Users/lucia/Documents/workspace/code/vemolin.ux/backend/src/main/java/com/vermolinux/service/StockService.java:[283,36] cannot find symbol
  symbol:   method getCreatedAt()
  location: variable movement of type com.vermolinux.model.StockMovement
[ERROR] /C:/Users/lucia/Documents/workspace/code/vemolin.ux/backend/src/main/java/com/vermolinux/service/SupplierService.java:[38,9] cannot find symbol
  symbol:   variable log
  location: class com.vermolinux.service.SupplierService
[ERROR] /C:/Users/lucia/Documents/workspace/code/vemolin.ux/backend/src/main/java/com/vermolinux/service/SupplierService.java:[38,60] cannot find symbol
  symbol:   method getName()
  location: variable request of type com.vermolinux.dto.SupplierRequest
[ERROR] /C:/Users/lucia/Documents/workspace/code/vemolin.ux/backend/src/main/java/com/vermolinux/service/SupplierService.java:[41,20] cannot find symbol
  symbol:   method getCnpj()
  location: variable request of type com.vermolinux.dto.SupplierRequest
[ERROR] /C:/Users/lucia/Documents/workspace/code/vemolin.ux/backend/src/main/java/com/vermolinux/service/SupplierService.java:[41,50] cannot find symbol
  symbol:   method getCnpj()
  location: variable request of type com.vermolinux.dto.SupplierRequest
[ERROR] /C:/Users/lucia/Documents/workspace/code/vemolin.ux/backend/src/main/java/com/vermolinux/service/SupplierService.java:[42,50] cannot find symbol
  symbol:   method getCnpj()
  location: variable request of type com.vermolinux.dto.SupplierRequest
[ERROR] /C:/Users/lucia/Documents/workspace/code/vemolin.ux/backend/src/main/java/com/vermolinux/service/SupplierService.java:[47,37] cannot find symbol
  symbol:   method builder()
  location: class com.vermolinux.model.Supplier
[ERROR] /C:/Users/lucia/Documents/workspace/code/vemolin.ux/backend/src/main/java/com/vermolinux/service/SupplierService.java:[48,30] cannot find symbol
  symbol:   method getName()
  location: variable request of type com.vermolinux.dto.SupplierRequest
[ERROR] /C:/Users/lucia/Documents/workspace/code/vemolin.ux/backend/src/main/java/com/vermolinux/service/SupplierService.java:[49,30] cannot find symbol
  symbol:   method getCnpj()
  location: variable request of type com.vermolinux.dto.SupplierRequest
[ERROR] /C:/Users/lucia/Documents/workspace/code/vemolin.ux/backend/src/main/java/com/vermolinux/service/SupplierService.java:[50,31] cannot find symbol
  symbol:   method getPhone()
  location: variable request of type com.vermolinux.dto.SupplierRequest
[ERROR] /C:/Users/lucia/Documents/workspace/code/vemolin.ux/backend/src/main/java/com/vermolinux/service/SupplierService.java:[51,31] cannot find symbol
  symbol:   method getEmail()
  location: variable request of type com.vermolinux.dto.SupplierRequest
[ERROR] /C:/Users/lucia/Documents/workspace/code/vemolin.ux/backend/src/main/java/com/vermolinux/service/SupplierService.java:[52,33] cannot find symbol
  symbol:   method getAddress()
  location: variable request of type com.vermolinux.dto.SupplierRequest
[ERROR] /C:/Users/lucia/Documents/workspace/code/vemolin.ux/backend/src/main/java/com/vermolinux/service/SupplierService.java:[59,9] cannot find symbol
  symbol:   variable log
  location: class com.vermolinux.service.SupplierService
[ERROR] /C:/Users/lucia/Documents/workspace/code/vemolin.ux/backend/src/main/java/com/vermolinux/service/SupplierService.java:[68,9] cannot find symbol
  symbol:   variable log
  location: class com.vermolinux.service.SupplierService
[ERROR] /C:/Users/lucia/Documents/workspace/code/vemolin.ux/backend/src/main/java/com/vermolinux/service/SupplierService.java:[79,9] cannot find symbol
  symbol:   variable log
  location: class com.vermolinux.service.SupplierService
[ERROR] /C:/Users/lucia/Documents/workspace/code/vemolin.ux/backend/src/main/java/com/vermolinux/service/SupplierService.java:[90,9] cannot find symbol
  symbol:   variable log
  location: class com.vermolinux.service.SupplierService
[ERROR] Failed to execute goal org.apache.maven.plugins:maven-compiler-plugin:3.11.0:compile (default-compile) on project vermolin-ux: Compilation failure: Compilation failure: 
[ERROR] /C:/Users/lucia/Documents/workspace/code/vemolin.ux/backend/src/main/java/com/vermolinux/model/StockMovement.java:[95,8] duplicate class: com.vermolinux.model.StockMovement
[ERROR] /C:/Users/lucia/Documents/workspace/code/vemolin.ux/backend/src/main/java/com/vermolinux/model/Product.java:[108,17] method getId() is already defined in class com.vermolinux.model.Product
[ERROR] /C:/Users/lucia/Documents/workspace/code/vemolin.ux/backend/src/main/java/com/vermolinux/dto/StockMovementResponse.java:[29,26] cannot find symbol
[ERROR]   symbol:   class MovementReason
[ERROR]   location: class com.vermolinux.model.StockMovement
[ERROR] /C:/Users/lucia/Documents/workspace/code/vemolin.ux/backend/src/main/java/com/vermolinux/dto/StockMovementRequest.java:[33,26] cannot find symbol
[ERROR]   symbol:   class MovementReason
[ERROR]   location: class com.vermolinux.model.StockMovement
[ERROR] /C:/Users/lucia/Documents/workspace/code/vemolin.ux/backend/src/main/java/com/vermolinux/dto/StockMovementRequest.java:[44,25] cannot find symbol
[ERROR]   symbol:   class MovementReason
[ERROR]   location: class com.vermolinux.model.StockMovement
[ERROR] /C:/Users/lucia/Documents/workspace/code/vemolin.ux/backend/src/main/java/com/vermolinux/controller/SaleController.java:[119,33] cannot find symbol
[ERROR]   symbol:   method getTotalAmount()
[ERROR]   location: variable response of type com.vermolinux.dto.SaleResponse
[ERROR] /C:/Users/lucia/Documents/workspace/code/vemolin.ux/backend/src/main/java/com/vermolinux/controller/SaleController.java:[120,33] cannot find symbol
[ERROR]   symbol:   method getChangeAmount()
[ERROR]   location: variable response of type com.vermolinux.dto.SaleResponse
[ERROR] /C:/Users/lucia/Documents/workspace/code/vemolin.ux/backend/src/main/java/com/vermolinux/service/SaleService.java:[46,9] cannot find symbol
[ERROR]   symbol:   variable log
[ERROR]   location: class com.vermolinux.service.SaleService
[ERROR] /C:/Users/lucia/Documents/workspace/code/vemolin.ux/backend/src/main/java/com/vermolinux/service/SaleService.java:[52,25] cannot find symbol
[ERROR]   symbol:   method builder()
[ERROR]   location: class com.vermolinux.model.Sale
[ERROR] /C:/Users/lucia/Documents/workspace/code/vemolin.ux/backend/src/main/java/com/vermolinux/service/SaleService.java:[60,9] cannot find symbol
[ERROR]   symbol:   variable log
[ERROR]   location: class com.vermolinux.service.SaleService
[ERROR] /C:/Users/lucia/Documents/workspace/code/vemolin.ux/backend/src/main/java/com/vermolinux/service/SaleService.java:[71,9] cannot find symbol
[ERROR]   symbol:   variable log
[ERROR]   location: class com.vermolinux.service.SaleService
[ERROR] /C:/Users/lucia/Documents/workspace/code/vemolin.ux/backend/src/main/java/com/vermolinux/service/SaleService.java:[71,80] cannot find symbol
[ERROR]   symbol:   method getProductId()
[ERROR]   location: variable request of type com.vermolinux.dto.AddSaleItemRequest
[ERROR] /C:/Users/lucia/Documents/workspace/code/vemolin.ux/backend/src/main/java/com/vermolinux/service/SaleService.java:[71,104] cannot find symbol
[ERROR]   symbol:   method getQuantity()
[ERROR]   location: variable request of type com.vermolinux.dto.AddSaleItemRequest
[ERROR] /C:/Users/lucia/Documents/workspace/code/vemolin.ux/backend/src/main/java/com/vermolinux/service/SaleService.java:[83,61] cannot find symbol
[ERROR]   symbol:   method getProductId()
[ERROR]   location: variable request of type com.vermolinux.dto.AddSaleItemRequest
[ERROR] /C:/Users/lucia/Documents/workspace/code/vemolin.ux/backend/src/main/java/com/vermolinux/service/SaleService.java:[84,90] cannot find symbol
[ERROR]   symbol:   method getProductId()
[ERROR]   location: variable request of type com.vermolinux.dto.AddSaleItemRequest
[ERROR] /C:/Users/lucia/Documents/workspace/code/vemolin.ux/backend/src/main/java/com/vermolinux/service/SaleService.java:[87,57] cannot find symbol
[ERROR]   symbol:   method getQuantity()
[ERROR]   location: variable request of type com.vermolinux.dto.AddSaleItemRequest
[ERROR] /C:/Users/lucia/Documents/workspace/code/vemolin.ux/backend/src/main/java/com/vermolinux/service/SaleService.java:[103,33] cannot find symbol
[ERROR]   symbol:   method getWeighed()
[ERROR]   location: variable request of type com.vermolinux.dto.AddSaleItemRequest
[ERROR] /C:/Users/lucia/Documents/workspace/code/vemolin.ux/backend/src/main/java/com/vermolinux/service/SaleService.java:[103,65] cannot find symbol
[ERROR]   symbol:   method getWeighed()
[ERROR]   location: variable request of type com.vermolinux.dto.AddSaleItemRequest
[ERROR] /C:/Users/lucia/Documents/workspace/code/vemolin.ux/backend/src/main/java/com/vermolinux/service/SaleService.java:[96,33] cannot find symbol
[ERROR]   symbol:   method builder()
[ERROR]   location: class com.vermolinux.model.SaleItem
[ERROR] /C:/Users/lucia/Documents/workspace/code/vemolin.ux/backend/src/main/java/com/vermolinux/service/SaleService.java:[101,34] cannot find symbol
[ERROR]   symbol:   method getQuantity()
[ERROR]   location: variable request of type com.vermolinux.dto.AddSaleItemRequest
[ERROR] /C:/Users/lucia/Documents/workspace/code/vemolin.ux/backend/src/main/java/com/vermolinux/service/SaleService.java:[111,9] cannot find symbol
[ERROR]   symbol:   variable log
[ERROR]   location: class com.vermolinux.service.SaleService
[ERROR] /C:/Users/lucia/Documents/workspace/code/vemolin.ux/backend/src/main/java/com/vermolinux/service/SaleService.java:[111,79] cannot find symbol
[ERROR]   symbol:   method getQuantity()
[ERROR]   location: variable request of type com.vermolinux.dto.AddSaleItemRequest
[ERROR] /C:/Users/lucia/Documents/workspace/code/vemolin.ux/backend/src/main/java/com/vermolinux/service/SaleService.java:[120,9] cannot find symbol
[ERROR]   symbol:   variable log
[ERROR]   location: class com.vermolinux.service.SaleService
[ERROR] /C:/Users/lucia/Documents/workspace/code/vemolin.ux/backend/src/main/java/com/vermolinux/service/SaleService.java:[132,37] cannot find symbol
[ERROR]   symbol:   method getId()
[ERROR]   location: variable item of type com.vermolinux.model.SaleItem
[ERROR] /C:/Users/lucia/Documents/workspace/code/vemolin.ux/backend/src/main/java/com/vermolinux/service/SaleService.java:[140,9] cannot find symbol
[ERROR]   symbol:   variable log
[ERROR]   location: class com.vermolinux.service.SaleService
[ERROR] /C:/Users/lucia/Documents/workspace/code/vemolin.ux/backend/src/main/java/com/vermolinux/service/SaleService.java:[149,9] cannot find symbol
[ERROR]   symbol:   variable log
[ERROR]   location: class com.vermolinux.service.SaleService
[ERROR] /C:/Users/lucia/Documents/workspace/code/vemolin.ux/backend/src/main/java/com/vermolinux/service/SaleService.java:[165,9] cannot find symbol
[ERROR]   symbol:   variable log
[ERROR]   location: class com.vermolinux.service.SaleService
[ERROR] /C:/Users/lucia/Documents/workspace/code/vemolin.ux/backend/src/main/java/com/vermolinux/service/SaleService.java:[177,9] cannot find symbol
[ERROR]   symbol:   variable log
[ERROR]   location: class com.vermolinux.service.SaleService
[ERROR] /C:/Users/lucia/Documents/workspace/code/vemolin.ux/backend/src/main/java/com/vermolinux/service/SaleService.java:[177,73] cannot find symbol
[ERROR]   symbol:   method getPaymentMethod()
[ERROR]   location: variable request of type com.vermolinux.dto.PaymentRequest
[ERROR] /C:/Users/lucia/Documents/workspace/code/vemolin.ux/backend/src/main/java/com/vermolinux/service/SaleService.java:[193,20] cannot find symbol
[ERROR]   symbol:   method getAmountPaid()
[ERROR]   location: variable request of type com.vermolinux.dto.PaymentRequest
[ERROR] /C:/Users/lucia/Documents/workspace/code/vemolin.ux/backend/src/main/java/com/vermolinux/service/SaleService.java:[199,20] cannot find symbol
[ERROR]   symbol:   method getPaymentMethod()
[ERROR]   location: variable request of type com.vermolinux.dto.PaymentRequest
[ERROR] /C:/Users/lucia/Documents/workspace/code/vemolin.ux/backend/src/main/java/com/vermolinux/service/SaleService.java:[200,29] cannot find symbol
[ERROR]   symbol:   method getAmountPaid()
[ERROR]   location: variable request of type com.vermolinux.dto.PaymentRequest
[ERROR] /C:/Users/lucia/Documents/workspace/code/vemolin.ux/backend/src/main/java/com/vermolinux/service/SaleService.java:[204,38] cannot find symbol
[ERROR]   symbol:   method getPaymentMethod()
[ERROR]   location: variable request of type com.vermolinux.dto.PaymentRequest
[ERROR] /C:/Users/lucia/Documents/workspace/code/vemolin.ux/backend/src/main/java/com/vermolinux/service/SaleService.java:[205,35] cannot find symbol
[ERROR]   symbol:   method getAmountPaid()
[ERROR]   location: variable request of type com.vermolinux.dto.PaymentRequest
[ERROR] /C:/Users/lucia/Documents/workspace/code/vemolin.ux/backend/src/main/java/com/vermolinux/service/SaleService.java:[208,39] cannot find symbol
[ERROR]   symbol:   variable PAID
[ERROR]   location: class com.vermolinux.model.Sale.SaleStatus
[ERROR] /C:/Users/lucia/Documents/workspace/code/vemolin.ux/backend/src/main/java/com/vermolinux/service/SaleService.java:[217,9] cannot find symbol
[ERROR]   symbol:   variable log
[ERROR]   location: class com.vermolinux.service.SaleService
[ERROR] /C:/Users/lucia/Documents/workspace/code/vemolin.ux/backend/src/main/java/com/vermolinux/service/SaleService.java:[242,47] cannot find symbol
[ERROR]   symbol:   method builder()
[ERROR]   location: class com.vermolinux.model.StockMovement
[ERROR] /C:/Users/lucia/Documents/workspace/code/vemolin.ux/backend/src/main/java/com/vermolinux/service/SaleService.java:[255,9] cannot find symbol
[ERROR]   symbol:   variable log
[ERROR]   location: class com.vermolinux.service.SaleService
[ERROR] /C:/Users/lucia/Documents/workspace/code/vemolin.ux/backend/src/main/java/com/vermolinux/service/SaleService.java:[304,21] cannot find symbol
[ERROR]   symbol:   method setSaleId(java.lang.Long)
[ERROR]   location: variable item of type com.vermolinux.model.SaleItem
[ERROR] /C:/Users/lucia/Documents/workspace/code/vemolin.ux/backend/src/main/java/com/vermolinux/service/SaleService.java:[327,46] cannot find symbol
[ERROR]   symbol:   method builder()
[ERROR]   location: class com.vermolinux.dto.SaleItemResponse
[ERROR] /C:/Users/lucia/Documents/workspace/code/vemolin.ux/backend/src/main/java/com/vermolinux/service/SaleService.java:[328,33] cannot find symbol
[ERROR]   symbol:   method getId()
[ERROR]   location: variable item of type com.vermolinux.model.SaleItem
[ERROR] /C:/Users/lucia/Documents/workspace/code/vemolin.ux/backend/src/main/java/com/vermolinux/service/SaleService.java:[337,25] incompatible types: inference variable T has incompatible bounds
[ERROR]     equality constraints: com.vermolinux.dto.SaleItemResponse
[ERROR]     lower bounds: java.lang.Object
[ERROR] /C:/Users/lucia/Documents/workspace/code/vemolin.ux/backend/src/main/java/com/vermolinux/service/SaleService.java:[339,28] cannot find symbol
[ERROR]   symbol:   method builder()
[ERROR]   location: class com.vermolinux.dto.SaleResponse
[ERROR] /C:/Users/lucia/Documents/workspace/code/vemolin.ux/backend/src/main/java/com/vermolinux/dto/ApiResponse.java:[22,27] cannot find symbol
[ERROR]   symbol:   method <T>builder()
[ERROR]   location: class com.vermolinux.dto.ApiResponse
[ERROR] /C:/Users/lucia/Documents/workspace/code/vemolin.ux/backend/src/main/java/com/vermolinux/dto/ApiResponse.java:[29,27] cannot find symbol
[ERROR]   symbol:   method <T>builder()
[ERROR]   location: class com.vermolinux.dto.ApiResponse
[ERROR] /C:/Users/lucia/Documents/workspace/code/vemolin.ux/backend/src/main/java/com/vermolinux/dto/ApiResponse.java:[37,27] cannot find symbol
[ERROR]   symbol:   method <T>builder()
[ERROR]   location: class com.vermolinux.dto.ApiResponse
[ERROR] /C:/Users/lucia/Documents/workspace/code/vemolin.ux/backend/src/main/java/com/vermolinux/service/ProductService.java:[60,34] cannot find symbol
[ERROR]   symbol:   method builder()
[ERROR]   location: class com.vermolinux.model.Product
[ERROR] /C:/Users/lucia/Documents/workspace/code/vemolin.ux/backend/src/main/java/com/vermolinux/service/ProductService.java:[232,38] cannot find symbol
[ERROR]   symbol:   method builder()
[ERROR]   location: class com.vermolinux.dto.ProductCashierResponse
[ERROR] /C:/Users/lucia/Documents/workspace/code/vemolin.ux/backend/src/main/java/com/vermolinux/dto/ProductResponse.java:[48,61] cannot find symbol
[ERROR]   symbol:   method setId(java.lang.Long)
[ERROR]   location: variable instance of type com.vermolinux.dto.ProductResponse
[ERROR] /C:/Users/lucia/Documents/workspace/code/vemolin.ux/backend/src/main/java/com/vermolinux/dto/ProductResponse.java:[49,67] cannot find symbol
[ERROR]   symbol:   method setCode(java.lang.String)
[ERROR]   location: variable instance of type com.vermolinux.dto.ProductResponse
[ERROR] /C:/Users/lucia/Documents/workspace/code/vemolin.ux/backend/src/main/java/com/vermolinux/dto/ProductResponse.java:[50,67] cannot find symbol
[ERROR]   symbol:   method setName(java.lang.String)
[ERROR]   location: variable instance of type com.vermolinux.dto.ProductResponse
[ERROR] /C:/Users/lucia/Documents/workspace/code/vemolin.ux/backend/src/main/java/com/vermolinux/dto/ProductResponse.java:[51,81] cannot find symbol
[ERROR]   symbol:   method setDescription(java.lang.String)
[ERROR]   location: variable instance of type com.vermolinux.dto.ProductResponse
[ERROR] /C:/Users/lucia/Documents/workspace/code/vemolin.ux/backend/src/main/java/com/vermolinux/dto/ProductResponse.java:[52,73] cannot find symbol
[ERROR]   symbol:   method setPrice(java.math.BigDecimal)
[ERROR]   location: variable instance of type com.vermolinux.dto.ProductResponse
[ERROR] /C:/Users/lucia/Documents/workspace/code/vemolin.ux/backend/src/main/java/com/vermolinux/dto/ProductResponse.java:[53,80] cannot find symbol
[ERROR]   symbol:   method setUnit(com.vermolinux.model.Product.ProductUnit)
[ERROR]   location: variable instance of type com.vermolinux.dto.ProductResponse
[ERROR] /C:/Users/lucia/Documents/workspace/code/vemolin.ux/backend/src/main/java/com/vermolinux/dto/ProductResponse.java:[54,89] cannot find symbol
[ERROR]   symbol:   method setStockQuantity(java.math.BigDecimal)
[ERROR]   location: variable instance of type com.vermolinux.dto.ProductResponse
[ERROR] /C:/Users/lucia/Documents/workspace/code/vemolin.ux/backend/src/main/java/com/vermolinux/dto/ProductResponse.java:[55,79] cannot find symbol
[ERROR]   symbol:   method setMinStock(java.math.BigDecimal)
[ERROR]   location: variable instance of type com.vermolinux.dto.ProductResponse
[ERROR] /C:/Users/lucia/Documents/workspace/code/vemolin.ux/backend/src/main/java/com/vermolinux/dto/ProductResponse.java:[56,77] cannot find symbol
[ERROR]   symbol:   method setSupplierId(java.lang.Long)
[ERROR]   location: variable instance of type com.vermolinux.dto.ProductResponse
[ERROR] /C:/Users/lucia/Documents/workspace/code/vemolin.ux/backend/src/main/java/com/vermolinux/dto/ProductResponse.java:[57,83] cannot find symbol
[ERROR]   symbol:   method setSupplierName(java.lang.String)
[ERROR]   location: variable instance of type com.vermolinux.dto.ProductResponse
[ERROR] /C:/Users/lucia/Documents/workspace/code/vemolin.ux/backend/src/main/java/com/vermolinux/dto/ProductResponse.java:[58,82] cannot find symbol
[ERROR]   symbol:   method setExpiryDate(java.time.LocalDate)
[ERROR]   location: variable instance of type com.vermolinux.dto.ProductResponse
[ERROR] /C:/Users/lucia/Documents/workspace/code/vemolin.ux/backend/src/main/java/com/vermolinux/dto/ProductResponse.java:[59,92] cannot find symbol
[ERROR]   symbol:   method setRequiresWeighing(java.lang.Boolean)
[ERROR]   location: variable instance of type com.vermolinux.dto.ProductResponse
[ERROR] /C:/Users/lucia/Documents/workspace/code/vemolin.ux/backend/src/main/java/com/vermolinux/dto/ProductResponse.java:[60,72] cannot find symbol
[ERROR]   symbol:   method setActive(java.lang.Boolean)
[ERROR]   location: variable instance of type com.vermolinux.dto.ProductResponse
[ERROR] /C:/Users/lucia/Documents/workspace/code/vemolin.ux/backend/src/main/java/com/vermolinux/dto/ProductResponse.java:[61,76] cannot find symbol
[ERROR]   symbol:   method setLowStock(java.lang.Boolean)
[ERROR]   location: variable instance of type com.vermolinux.dto.ProductResponse
[ERROR] /C:/Users/lucia/Documents/workspace/code/vemolin.ux/backend/src/main/java/com/vermolinux/dto/ProductResponse.java:[62,84] cannot find symbol
[ERROR]   symbol:   method setCreatedAt(java.time.LocalDateTime)
[ERROR]   location: variable instance of type com.vermolinux.dto.ProductResponse
[ERROR] /C:/Users/lucia/Documents/workspace/code/vemolin.ux/backend/src/main/java/com/vermolinux/dto/ProductResponse.java:[63,84] cannot find symbol
[ERROR]   symbol:   method setUpdatedAt(java.time.LocalDateTime)
[ERROR]   location: variable instance of type com.vermolinux.dto.ProductResponse
[ERROR] /C:/Users/lucia/Documents/workspace/code/vemolin.ux/backend/src/main/java/com/vermolinux/service/AuthService.java:[76,29] cannot find symbol
[ERROR]   symbol:   method builder()
[ERROR]   location: class com.vermolinux.dto.LoginResponse
[ERROR] /C:/Users/lucia/Documents/workspace/code/vemolin.ux/backend/src/main/java/com/vermolinux/service/UserService.java:[48,25] cannot find symbol
[ERROR]   symbol:   method builder()
[ERROR]   location: class com.vermolinux.model.User
[ERROR] /C:/Users/lucia/Documents/workspace/code/vemolin.ux/backend/src/main/java/com/vermolinux/service/UserService.java:[139,28] cannot find symbol
[ERROR]   symbol:   method builder()
[ERROR]   location: class com.vermolinux.dto.UserResponse
[ERROR] /C:/Users/lucia/Documents/workspace/code/vemolin.ux/backend/src/main/java/com/vermolinux/service/StockService.java:[60,47] cannot find symbol
[ERROR]   symbol:   method builder()
[ERROR]   location: class com.vermolinux.model.StockMovement
[ERROR] /C:/Users/lucia/Documents/workspace/code/vemolin.ux/backend/src/main/java/com/vermolinux/service/StockService.java:[112,47] cannot find symbol
[ERROR]   symbol:   method builder()
[ERROR]   location: class com.vermolinux.model.StockMovement
[ERROR] /C:/Users/lucia/Documents/workspace/code/vemolin.ux/backend/src/main/java/com/vermolinux/service/StockService.java:[161,47] cannot find symbol
[ERROR]   symbol:   method builder()
[ERROR]   location: class com.vermolinux.model.StockMovement
[ERROR] /C:/Users/lucia/Documents/workspace/code/vemolin.ux/backend/src/main/java/com/vermolinux/service/StockService.java:[222,39] cannot find symbol
[ERROR]   symbol:   method findByCreatedByOrderByCreatedAtDesc(java.lang.Long)
[ERROR]   location: variable stockMovementRepository of type com.vermolinux.repository.StockMovementRepository
[ERROR] /C:/Users/lucia/Documents/workspace/code/vemolin.ux/backend/src/main/java/com/vermolinux/service/StockService.java:[262,65] cannot find symbol
[ERROR]   symbol:   method getProductId()
[ERROR]   location: variable movement of type com.vermolinux.model.StockMovement
[ERROR] /C:/Users/lucia/Documents/workspace/code/vemolin.ux/backend/src/main/java/com/vermolinux/service/StockService.java:[266,64] cannot find symbol
[ERROR]   symbol:   method getCreatedBy()
[ERROR]   location: variable movement of type com.vermolinux.model.StockMovement
[ERROR] /C:/Users/lucia/Documents/workspace/code/vemolin.ux/backend/src/main/java/com/vermolinux/service/StockService.java:[270,37] cannot find symbol
[ERROR]   symbol:   method builder()
[ERROR]   location: class com.vermolinux.dto.StockMovementResponse
[ERROR] /C:/Users/lucia/Documents/workspace/code/vemolin.ux/backend/src/main/java/com/vermolinux/service/StockService.java:[271,29] cannot find symbol
[ERROR]   symbol:   method getId()
[ERROR]   location: variable movement of type com.vermolinux.model.StockMovement
[ERROR] /C:/Users/lucia/Documents/workspace/code/vemolin.ux/backend/src/main/java/com/vermolinux/service/StockService.java:[272,36] cannot find symbol
[ERROR]   symbol:   method getProductId()
[ERROR]   location: variable movement of type com.vermolinux.model.StockMovement
[ERROR] /C:/Users/lucia/Documents/workspace/code/vemolin.ux/backend/src/main/java/com/vermolinux/service/StockService.java:[274,39] cannot find symbol
[ERROR]   symbol:   method getMovementType()
[ERROR]   location: variable movement of type com.vermolinux.model.StockMovement
[ERROR] /C:/Users/lucia/Documents/workspace/code/vemolin.ux/backend/src/main/java/com/vermolinux/service/StockService.java:[275,35] cannot find symbol
[ERROR]   symbol:   method getQuantity()
[ERROR]   location: variable movement of type com.vermolinux.model.StockMovement
[ERROR] /C:/Users/lucia/Documents/workspace/code/vemolin.ux/backend/src/main/java/com/vermolinux/service/StockService.java:[276,43] cannot find symbol
[ERROR]   symbol:   method getPreviousQuantity()
[ERROR]   location: variable movement of type com.vermolinux.model.StockMovement
[ERROR] /C:/Users/lucia/Documents/workspace/code/vemolin.ux/backend/src/main/java/com/vermolinux/service/StockService.java:[277,38] cannot find symbol
[ERROR]   symbol:   method getNewQuantity()
[ERROR]   location: variable movement of type com.vermolinux.model.StockMovement
[ERROR] /C:/Users/lucia/Documents/workspace/code/vemolin.ux/backend/src/main/java/com/vermolinux/service/StockService.java:[278,33] cannot find symbol
[ERROR]   symbol:   method getReason()
[ERROR]   location: variable movement of type com.vermolinux.model.StockMovement
[ERROR] /C:/Users/lucia/Documents/workspace/code/vemolin.ux/backend/src/main/java/com/vermolinux/service/StockService.java:[279,32] cannot find symbol
[ERROR]   symbol:   method getNotes()
[ERROR]   location: variable movement of type com.vermolinux.model.StockMovement
[ERROR] /C:/Users/lucia/Documents/workspace/code/vemolin.ux/backend/src/main/java/com/vermolinux/service/StockService.java:[280,33] cannot find symbol
[ERROR]   symbol:   method getSaleId()
[ERROR]   location: variable movement of type com.vermolinux.model.StockMovement
[ERROR] /C:/Users/lucia/Documents/workspace/code/vemolin.ux/backend/src/main/java/com/vermolinux/service/StockService.java:[281,36] cannot find symbol
[ERROR]   symbol:   method getCreatedBy()
[ERROR]   location: variable movement of type com.vermolinux.model.StockMovement
[ERROR] /C:/Users/lucia/Documents/workspace/code/vemolin.ux/backend/src/main/java/com/vermolinux/service/StockService.java:[283,36] cannot find symbol
[ERROR]   symbol:   method getCreatedAt()
[ERROR]   location: variable movement of type com.vermolinux.model.StockMovement
[ERROR] /C:/Users/lucia/Documents/workspace/code/vemolin.ux/backend/src/main/java/com/vermolinux/service/SupplierService.java:[38,9] cannot find symbol
[ERROR]   symbol:   variable log
[ERROR]   location: class com.vermolinux.service.SupplierService
[ERROR] /C:/Users/lucia/Documents/workspace/code/vemolin.ux/backend/src/main/java/com/vermolinux/service/SupplierService.java:[38,60] cannot find symbol
[ERROR]   symbol:   method getName()
[ERROR]   location: variable request of type com.vermolinux.dto.SupplierRequest
[ERROR] /C:/Users/lucia/Documents/workspace/code/vemolin.ux/backend/src/main/java/com/vermolinux/service/SupplierService.java:[41,20] cannot find symbol
[ERROR]   symbol:   method getCnpj()
[ERROR]   location: variable request of type com.vermolinux.dto.SupplierRequest
[ERROR] /C:/Users/lucia/Documents/workspace/code/vemolin.ux/backend/src/main/java/com/vermolinux/service/SupplierService.java:[41,50] cannot find symbol
[ERROR]   symbol:   method getCnpj()
[ERROR]   location: variable request of type com.vermolinux.dto.SupplierRequest
[ERROR] /C:/Users/lucia/Documents/workspace/code/vemolin.ux/backend/src/main/java/com/vermolinux/service/SupplierService.java:[42,50] cannot find symbol
[ERROR]   symbol:   method getCnpj()
[ERROR]   location: variable request of type com.vermolinux.dto.SupplierRequest
[ERROR] /C:/Users/lucia/Documents/workspace/code/vemolin.ux/backend/src/main/java/com/vermolinux/service/SupplierService.java:[47,37] cannot find symbol
[ERROR]   symbol:   method builder()
[ERROR]   location: class com.vermolinux.model.Supplier
[ERROR] /C:/Users/lucia/Documents/workspace/code/vemolin.ux/backend/src/main/java/com/vermolinux/service/SupplierService.java:[48,30] cannot find symbol
[ERROR]   symbol:   method getName()
[ERROR]   location: variable request of type com.vermolinux.dto.SupplierRequest
[ERROR] /C:/Users/lucia/Documents/workspace/code/vemolin.ux/backend/src/main/java/com/vermolinux/service/SupplierService.java:[49,30] cannot find symbol
[ERROR]   symbol:   method getCnpj()
[ERROR]   location: variable request of type com.vermolinux.dto.SupplierRequest
[ERROR] /C:/Users/lucia/Documents/workspace/code/vemolin.ux/backend/src/main/java/com/vermolinux/service/SupplierService.java:[50,31] cannot find symbol
[ERROR]   symbol:   method getPhone()
[ERROR]   location: variable request of type com.vermolinux.dto.SupplierRequest
[ERROR] /C:/Users/lucia/Documents/workspace/code/vemolin.ux/backend/src/main/java/com/vermolinux/service/SupplierService.java:[51,31] cannot find symbol
[ERROR]   symbol:   method getEmail()
[ERROR]   location: variable request of type com.vermolinux.dto.SupplierRequest
[ERROR] /C:/Users/lucia/Documents/workspace/code/vemolin.ux/backend/src/main/java/com/vermolinux/service/SupplierService.java:[52,33] cannot find symbol
[ERROR]   symbol:   method getAddress()
[ERROR]   location: variable request of type com.vermolinux.dto.SupplierRequest
[ERROR] /C:/Users/lucia/Documents/workspace/code/vemolin.ux/backend/src/main/java/com/vermolinux/service/SupplierService.java:[59,9] cannot find symbol
[ERROR]   symbol:   variable log
[ERROR]   location: class com.vermolinux.service.SupplierService
[ERROR] /C:/Users/lucia/Documents/workspace/code/vemolin.ux/backend/src/main/java/com/vermolinux/service/SupplierService.java:[68,9] cannot find symbol
[ERROR]   symbol:   variable log
[ERROR]   location: class com.vermolinux.service.SupplierService
[ERROR] /C:/Users/lucia/Documents/workspace/code/vemolin.ux/backend/src/main/java/com/vermolinux/service/SupplierService.java:[79,9] cannot find symbol
[ERROR]   symbol:   variable log
[ERROR]   location: class com.vermolinux.service.SupplierService
[ERROR] /C:/Users/lucia/Documents/workspace/code/vemolin.ux/backend/src/main/java/com/vermolinux/service/SupplierService.java:[90,9] cannot find symbol
[ERROR]   symbol:   variable log
[ERROR]   location: class com.vermolinux.service.SupplierService
[ERROR] -> [Help 1]
[ERROR] 
[ERROR] To see the full stack trace of the errors, re-run Maven with the -e switch.
[ERROR] Re-run Maven using the -X switch to enable full debug logging.
[ERROR] 
[ERROR] For more information about the errors and possible solutions, please read the following articles:
[ERROR] [Help 1] http://cwiki.apache.org/confluence/display/MAVEN/MojoFailureException
